A soma no curso de computacao eh 910.8
A soma no curso de direito eh 682.2
A soma no curso de nutricao eh 891.9
