A soma no curso de computacao eh 282.3
A soma no curso de direito eh 347.1
A soma no curso de nutricao eh 356.2
