A media no curso de computacao eh 5.1
A media no curso de direito eh 5.6
A media no curso de nutricao eh 5.6
