A soma no curso de computacao eh 157.5
A soma no curso de direito eh 214.2
A soma no curso de nutricao eh 173.7
